/lustre/scratch/soarjame-bachelor-thesis/envs/mlenv/lib64/python3.9/site-packages/xgboost/core.py:265: FutureWarning: Your system has an old version of glibc (< 2.28). We will stop supporting Linux distros with glibc older than 2.28 after **May 31, 2025**. Please upgrade to a recent Linux distro (with glibc 2.28+) to use future versions of XGBoost.
Note: You have installed the 'manylinux2014' variant of XGBoost. Certain features such as GPU algorithms or federated learning are not available. To use these features, please upgrade to a recent Linux distro with glibc 2.28+, and install the 'manylinux_2_28' variant.
  warnings.warn(
/lustre/scratch/soarjame-bachelor-thesis/envs/mlenv/lib64/python3.9/site-packages/boruta/boruta_py.py:319: FutureWarning: In the future `np.bool` will be defined as the corresponding NumPy scalar.
  self.support_ = np.zeros(n_feat, dtype=np.bool)
/lustre/scratch/soarjame-bachelor-thesis/envs/mlenv/lib64/python3.9/site-packages/boruta/boruta_py.py:319: FutureWarning: In the future `np.bool` will be defined as the corresponding NumPy scalar.
  self.support_ = np.zeros(n_feat, dtype=np.bool)
/lustre/scratch/soarjame-bachelor-thesis/envs/mlenv/lib64/python3.9/site-packages/boruta/boruta_py.py:319: FutureWarning: In the future `np.bool` will be defined as the corresponding NumPy scalar.
  self.support_ = np.zeros(n_feat, dtype=np.bool)
/lustre/scratch/soarjame-bachelor-thesis/envs/mlenv/lib64/python3.9/site-packages/boruta/boruta_py.py:319: FutureWarning: In the future `np.bool` will be defined as the corresponding NumPy scalar.
  self.support_ = np.zeros(n_feat, dtype=np.bool)
/lustre/scratch/soarjame-bachelor-thesis/envs/mlenv/lib64/python3.9/site-packages/boruta/boruta_py.py:319: FutureWarning: In the future `np.bool` will be defined as the corresponding NumPy scalar.
  self.support_ = np.zeros(n_feat, dtype=np.bool)
/lustre/scratch/soarjame-bachelor-thesis/envs/mlenv/lib64/python3.9/site-packages/boruta/boruta_py.py:319: FutureWarning: In the future `np.bool` will be defined as the corresponding NumPy scalar.
  self.support_ = np.zeros(n_feat, dtype=np.bool)
/lustre/scratch/soarjame-bachelor-thesis/envs/mlenv/lib64/python3.9/site-packages/boruta/boruta_py.py:319: FutureWarning: In the future `np.bool` will be defined as the corresponding NumPy scalar.
  self.support_ = np.zeros(n_feat, dtype=np.bool)
/lustre/scratch/soarjame-bachelor-thesis/envs/mlenv/lib64/python3.9/site-packages/boruta/boruta_py.py:319: FutureWarning: In the future `np.bool` will be defined as the corresponding NumPy scalar.
  self.support_ = np.zeros(n_feat, dtype=np.bool)
/lustre/scratch/soarjame-bachelor-thesis/envs/mlenv/lib64/python3.9/site-packages/boruta/boruta_py.py:319: FutureWarning: In the future `np.bool` will be defined as the corresponding NumPy scalar.
  self.support_ = np.zeros(n_feat, dtype=np.bool)
/lustre/scratch/soarjame-bachelor-thesis/envs/mlenv/lib64/python3.9/site-packages/boruta/boruta_py.py:319: FutureWarning: In the future `np.bool` will be defined as the corresponding NumPy scalar.
  self.support_ = np.zeros(n_feat, dtype=np.bool)
/lustre/scratch/soarjame-bachelor-thesis/envs/mlenv/lib64/python3.9/site-packages/boruta/boruta_py.py:319: FutureWarning: In the future `np.bool` will be defined as the corresponding NumPy scalar.
  self.support_ = np.zeros(n_feat, dtype=np.bool)
/lustre/scratch/soarjame-bachelor-thesis/envs/mlenv/lib64/python3.9/site-packages/boruta/boruta_py.py:319: FutureWarning: In the future `np.bool` will be defined as the corresponding NumPy scalar.
  self.support_ = np.zeros(n_feat, dtype=np.bool)
/lustre/scratch/soarjame-bachelor-thesis/envs/mlenv/lib64/python3.9/site-packages/boruta/boruta_py.py:319: FutureWarning: In the future `np.bool` will be defined as the corresponding NumPy scalar.
  self.support_ = np.zeros(n_feat, dtype=np.bool)
/lustre/scratch/soarjame-bachelor-thesis/envs/mlenv/lib64/python3.9/site-packages/boruta/boruta_py.py:319: FutureWarning: In the future `np.bool` will be defined as the corresponding NumPy scalar.
  self.support_ = np.zeros(n_feat, dtype=np.bool)
/lustre/scratch/soarjame-bachelor-thesis/envs/mlenv/lib64/python3.9/site-packages/boruta/boruta_py.py:319: FutureWarning: In the future `np.bool` will be defined as the corresponding NumPy scalar.
  self.support_ = np.zeros(n_feat, dtype=np.bool)
/lustre/scratch/soarjame-bachelor-thesis/envs/mlenv/lib64/python3.9/site-packages/boruta/boruta_py.py:319: FutureWarning: In the future `np.bool` will be defined as the corresponding NumPy scalar.
  self.support_ = np.zeros(n_feat, dtype=np.bool)
/lustre/scratch/soarjame-bachelor-thesis/envs/mlenv/lib64/python3.9/site-packages/boruta/boruta_py.py:319: FutureWarning: In the future `np.bool` will be defined as the corresponding NumPy scalar.
  self.support_ = np.zeros(n_feat, dtype=np.bool)
/lustre/scratch/soarjame-bachelor-thesis/envs/mlenv/lib64/python3.9/site-packages/boruta/boruta_py.py:319: FutureWarning: In the future `np.bool` will be defined as the corresponding NumPy scalar.
  self.support_ = np.zeros(n_feat, dtype=np.bool)
/lustre/scratch/soarjame-bachelor-thesis/envs/mlenv/lib64/python3.9/site-packages/boruta/boruta_py.py:319: FutureWarning: In the future `np.bool` will be defined as the corresponding NumPy scalar.
  self.support_ = np.zeros(n_feat, dtype=np.bool)
/lustre/scratch/soarjame-bachelor-thesis/envs/mlenv/lib64/python3.9/site-packages/boruta/boruta_py.py:319: FutureWarning: In the future `np.bool` will be defined as the corresponding NumPy scalar.
  self.support_ = np.zeros(n_feat, dtype=np.bool)
/lustre/scratch/soarjame-bachelor-thesis/envs/mlenv/lib64/python3.9/site-packages/boruta/boruta_py.py:319: FutureWarning: In the future `np.bool` will be defined as the corresponding NumPy scalar.
  self.support_ = np.zeros(n_feat, dtype=np.bool)
/lustre/scratch/soarjame-bachelor-thesis/envs/mlenv/lib64/python3.9/site-packages/boruta/boruta_py.py:319: FutureWarning: In the future `np.bool` will be defined as the corresponding NumPy scalar.
  self.support_ = np.zeros(n_feat, dtype=np.bool)
/lustre/scratch/soarjame-bachelor-thesis/envs/mlenv/lib64/python3.9/site-packages/boruta/boruta_py.py:319: FutureWarning: In the future `np.bool` will be defined as the corresponding NumPy scalar.
  self.support_ = np.zeros(n_feat, dtype=np.bool)
/lustre/scratch/soarjame-bachelor-thesis/envs/mlenv/lib64/python3.9/site-packages/boruta/boruta_py.py:319: FutureWarning: In the future `np.bool` will be defined as the corresponding NumPy scalar.
  self.support_ = np.zeros(n_feat, dtype=np.bool)
/lustre/scratch/soarjame-bachelor-thesis/envs/mlenv/lib64/python3.9/site-packages/boruta/boruta_py.py:319: FutureWarning: In the future `np.bool` will be defined as the corresponding NumPy scalar.
  self.support_ = np.zeros(n_feat, dtype=np.bool)
/lustre/scratch/soarjame-bachelor-thesis/envs/mlenv/lib64/python3.9/site-packages/boruta/boruta_py.py:319: FutureWarning: In the future `np.bool` will be defined as the corresponding NumPy scalar.
  self.support_ = np.zeros(n_feat, dtype=np.bool)
/lustre/scratch/soarjame-bachelor-thesis/envs/mlenv/lib64/python3.9/site-packages/boruta/boruta_py.py:319: FutureWarning: In the future `np.bool` will be defined as the corresponding NumPy scalar.
  self.support_ = np.zeros(n_feat, dtype=np.bool)
/lustre/scratch/soarjame-bachelor-thesis/envs/mlenv/lib64/python3.9/site-packages/boruta/boruta_py.py:319: FutureWarning: In the future `np.bool` will be defined as the corresponding NumPy scalar.
  self.support_ = np.zeros(n_feat, dtype=np.bool)
Traceback (most recent call last):
  File "/lustre/scratch/soarjame-bachelor-thesis/code/Boruta_Main_Amplitude/encoding_benchmark_defs.py", line 627, in <module>
    main(scenario_id=args.scenario_id)
  File "/lustre/scratch/soarjame-bachelor-thesis/code/Boruta_Main_Amplitude/encoding_benchmark_defs.py", line 587, in main
    results = bench.run_scenarios(X, y, cat_columns, num_columns, scenario_id=scenario_id)
  File "/lustre/scratch/soarjame-bachelor-thesis/code/Boruta_Main_Amplitude/encoding_benchmark_defs.py", line 441, in run_scenarios
    raise ValueError(f"No scenarios were run. Check scenario_id={scenario_id} (valid: 0–3 or None).")
ValueError: No scenarios were run. Check scenario_id=3 (valid: 0–3 or None).
srun: error: ndstd056: task 0: Exited with exit code 1
srun: Terminating StepId=383072.0
