Running scenario 1 on host ndstd056

======================🔬 ENCODING BENCHMARK SUITE======================
Running benchmarks on 1 dataset(s)


▶️                         DATASET: Ames_Housing                        
======================================================================
Starting 4-scenario benchmark...

Running Scenario 2: No feature selection, with encoding
  Testing: Ridge + TargetEncoder
  Testing: RandomForest + TargetEncoder
  Testing: XGBoost + TargetEncoder
  Testing: CatBoost + TargetEncoder
  Testing: gbr + TargetEncoder
  Testing: ExtraTrees + TargetEncoder
  Testing: LGBM + TargetEncoder
  Testing: Ridge + CatBoostEncoder
  Testing: RandomForest + CatBoostEncoder
  Testing: XGBoost + CatBoostEncoder
  Testing: CatBoost + CatBoostEncoder
  Testing: gbr + CatBoostEncoder
  Testing: ExtraTrees + CatBoostEncoder
  Testing: LGBM + CatBoostEncoder
  Testing: Ridge + JamesSteinEncoder
  Testing: RandomForest + JamesSteinEncoder
  Testing: XGBoost + JamesSteinEncoder
  Testing: CatBoost + JamesSteinEncoder
  Testing: gbr + JamesSteinEncoder
  Testing: ExtraTrees + JamesSteinEncoder
  Testing: LGBM + JamesSteinEncoder
  Testing: Ridge + GLMMEncoder
  Testing: RandomForest + GLMMEncoder
  Testing: XGBoost + GLMMEncoder
  Testing: CatBoost + GLMMEncoder
  Testing: gbr + GLMMEncoder
  Testing: ExtraTrees + GLMMEncoder
  Testing: LGBM + GLMMEncoder
⏱ S2 done in 1166.2 min


------------------------------📊 ANALYSIS------------------------------

Best Performance by Scenario (RMSE):
S2_No_Selection_With_Encoding: GLMMEncoder + CatBoost → RMSE 22,755 (R² 0.918)

Best Performance by Scenario (R²):
S2_No_Selection_With_Encoding: GLMMEncoder + CatBoost → R² 0.918 (RMSE 22,755)

Scenario Comparison (Average RMSE):
  S2_No_Selection_With_Encoding: 25,375

Scenario Comparison (Average R²):
  S2_No_Selection_With_Encoding: 0.897

Feature Selection Impact (Boruta):
  RMSE  — With: nan | Without: 25,375
  R²    — With: nan | Without: 0.897

Encoding Impact:
  RMSE  — With: 25,375 | Without: nan
  R²    — With: 0.897 | Without: nan

Global Best:
  RMSE → GLMMEncoder + CatBoost in S2_No_Selection_With_Encoding (RMSE 22,755, R² 0.918)
  R²   → GLMMEncoder + CatBoost in S2_No_Selection_With_Encoding (R² 0.918, RMSE 22,755)

RMSE–R² correlation: -0.998 (expect strong negative)

---------------------------📈 VISUALIZATION----------------------------
✓ Combined RMSE & R² visualization saved to '/lustre/scratch/soarjame-bachelor-thesis/code/Boruta_Main_Amplitude/results/Ames_Housing_scenario_1_four_scenario_comparison_RMSE_R2.png'
✓ Results saved to: /lustre/scratch/soarjame-bachelor-thesis/code/Boruta_Main_Amplitude/results/Ames_Housing_scenario_1_benchmark_results.csv

=========================✅ BENCHMARK COMPLETE=========================


🎉 ALL BENCHMARKS COMPLETED!
