Running scenario 0 on host ndstd053

======================🔬 ENCODING BENCHMARK SUITE======================
Running benchmarks on 1 dataset(s)


▶️                         DATASET: Ames_Housing                        
======================================================================
Starting 4-scenario benchmark...

Running Scenario 1: No feature selection and no encoding
  Testing: RandomForest (OrdinalEncoder only)
⏱ S1 done in 0.0 min


------------------------------📊 ANALYSIS------------------------------

Best Performance by Scenario (RMSE):
S1_No_Selection_No_Encoding: OrdinalEncoder + RandomForest → RMSE 26,235 (R² 0.892)

Best Performance by Scenario (R²):
S1_No_Selection_No_Encoding: OrdinalEncoder + RandomForest → R² 0.892 (RMSE 26,235)

Scenario Comparison (Average RMSE):
  S1_No_Selection_No_Encoding: 26,235

Scenario Comparison (Average R²):
  S1_No_Selection_No_Encoding: 0.892

Feature Selection Impact (Boruta):
  RMSE  — With: nan | Without: 26,235
  R²    — With: nan | Without: 0.892

Encoding Impact:
  RMSE  — With: nan | Without: 26,235
  R²    — With: nan | Without: 0.892

Global Best:
  RMSE → OrdinalEncoder + RandomForest in S1_No_Selection_No_Encoding (RMSE 26,235, R² 0.892)
  R²   → OrdinalEncoder + RandomForest in S1_No_Selection_No_Encoding (R² 0.892, RMSE 26,235)

RMSE–R² correlation: nan (expect strong negative)

---------------------------📈 VISUALIZATION----------------------------
