Running scenario 2 on host ndstd138

======================🔬 ENCODING BENCHMARK SUITE======================
Running benchmarks on 1 dataset(s)


▶️                         DATASET: Ames_Housing                        
======================================================================
Starting 4-scenario benchmark...

Running Scenario 3: With Boruta, no encoding (OrdinalEncoder only)
  Testing: Ridge (Boruta + OrdinalEncoder)
  Testing: RandomForest (Boruta + OrdinalEncoder)
  Testing: XGBoost (Boruta + OrdinalEncoder)
  Testing: CatBoost (Boruta + OrdinalEncoder)
  Testing: gbr (Boruta + OrdinalEncoder)
  Testing: ExtraTrees (Boruta + OrdinalEncoder)
  Testing: LGBM (Boruta + OrdinalEncoder)
⏱ S3 done in 85.8 min


------------------------------📊 ANALYSIS------------------------------

Best Performance by Scenario (RMSE):
S3_With_Boruta_No_Encoding: OrdinalEncoder + XGBoost → RMSE 23,277 (R² 0.914)

Best Performance by Scenario (R²):
S3_With_Boruta_No_Encoding: OrdinalEncoder + XGBoost → R² 0.914 (RMSE 23,277)

Scenario Comparison (Average RMSE):
  S3_With_Boruta_No_Encoding: 25,181

Scenario Comparison (Average R²):
  S3_With_Boruta_No_Encoding: 0.898

Feature Selection Impact (Boruta):
  RMSE  — With: 25,181 | Without: nan
  R²    — With: 0.898 | Without: nan

Encoding Impact:
  RMSE  — With: nan | Without: 25,181
  R²    — With: nan | Without: 0.898

Global Best:
  RMSE → OrdinalEncoder + XGBoost in S3_With_Boruta_No_Encoding (RMSE 23,277, R² 0.914)
  R²   → OrdinalEncoder + XGBoost in S3_With_Boruta_No_Encoding (R² 0.914, RMSE 23,277)

RMSE–R² correlation: -0.999 (expect strong negative)

---------------------------📈 VISUALIZATION----------------------------
✓ Combined RMSE & R² visualization saved to '/lustre/scratch/soarjame-bachelor-thesis/code/Boruta_Main_Amplitude/results/Ames_Housing_scenario_2_four_scenario_comparison_RMSE_R2.png'
✓ Results saved to: /lustre/scratch/soarjame-bachelor-thesis/code/Boruta_Main_Amplitude/results/Ames_Housing_scenario_2_benchmark_results.csv

=========================✅ BENCHMARK COMPLETE=========================


🎉 ALL BENCHMARKS COMPLETED!
