Running scenario 3 on host ndstd056

======================🔬 ENCODING BENCHMARK SUITE======================
Running benchmarks on 1 dataset(s)


▶️                         DATASET: Ames_Housing                        
======================================================================
Starting 4-scenario benchmark...

Running Scenario 4: With Boruta and encoding
  Testing: RandomForest + JamesSteinEncoder (Boruta)
  Testing: RandomForest + GLMMEncoder (Boruta)
⏱ S4 done in 0.2 min


------------------------------📊 ANALYSIS------------------------------

Best Performance by Scenario (RMSE):
S4_With_Boruta_With_Encoding: GLMMEncoder + RandomForest → RMSE 25,808 (R² 0.895)

Best Performance by Scenario (R²):
S4_With_Boruta_With_Encoding: GLMMEncoder + RandomForest → R² 0.895 (RMSE 25,808)

Scenario Comparison (Average RMSE):
  S4_With_Boruta_With_Encoding: 25,990

Scenario Comparison (Average R²):
  S4_With_Boruta_With_Encoding: 0.894

Feature Selection Impact (Boruta):
  RMSE  — With: 25,990 | Without: nan
  R²    — With: 0.894 | Without: nan

Encoding Impact:
  RMSE  — With: 25,990 | Without: nan
  R²    — With: 0.894 | Without: nan

Global Best:
  RMSE → GLMMEncoder + RandomForest in S4_With_Boruta_With_Encoding (RMSE 25,808, R² 0.895)
  R²   → GLMMEncoder + RandomForest in S4_With_Boruta_With_Encoding (R² 0.895, RMSE 25,808)

RMSE–R² correlation: -1.000 (expect strong negative)

---------------------------📈 VISUALIZATION----------------------------
✓ Combined RMSE & R² visualization saved to '/lustre/scratch/soarjame-bachelor-thesis/code/Boruta_Main_Amplitude/results/Ames_Housing_scenario_3_four_scenario_comparison_RMSE_R2.png'
✓ Results saved to: /lustre/scratch/soarjame-bachelor-thesis/code/Boruta_Main_Amplitude/results/Ames_Housing_scenario_3_benchmark_results.csv

=========================✅ BENCHMARK COMPLETE=========================


🎉 ALL BENCHMARKS COMPLETED!
