Running scenario 0 on host ndstd182

======================🔬 ENCODING BENCHMARK SUITE======================
Running benchmarks on 1 dataset(s)


▶️                         DATASET: Ames_Housing                        
======================================================================
Starting 4-scenario benchmark...

Running Scenario 1: No feature selection and no encoding
  Testing: Ridge (OrdinalEncoder only)
  Testing: RandomForest (OrdinalEncoder only)
  Testing: XGBoost (OrdinalEncoder only)
  Testing: CatBoost (OrdinalEncoder only)
  Testing: gbr (OrdinalEncoder only)
  Testing: ExtraTrees (OrdinalEncoder only)
  Testing: LGBM (OrdinalEncoder only)
⏱ S1 done in 4.4 min


------------------------------📊 ANALYSIS------------------------------

Best Performance by Scenario (RMSE):
S1_No_Selection_No_Encoding: OrdinalEncoder + XGBoost → RMSE 23,241 (R² 0.915)

Best Performance by Scenario (R²):
S1_No_Selection_No_Encoding: OrdinalEncoder + XGBoost → R² 0.915 (RMSE 23,241)

Scenario Comparison (Average RMSE):
  S1_No_Selection_No_Encoding: 25,444

Scenario Comparison (Average R²):
  S1_No_Selection_No_Encoding: 0.896

Feature Selection Impact (Boruta):
  RMSE  — With: nan | Without: 25,444
  R²    — With: nan | Without: 0.896

Encoding Impact:
  RMSE  — With: nan | Without: 25,444
  R²    — With: nan | Without: 0.896

Global Best:
  RMSE → OrdinalEncoder + XGBoost in S1_No_Selection_No_Encoding (RMSE 23,241, R² 0.915)
  R²   → OrdinalEncoder + XGBoost in S1_No_Selection_No_Encoding (R² 0.915, RMSE 23,241)

RMSE–R² correlation: -0.998 (expect strong negative)

---------------------------📈 VISUALIZATION----------------------------
✓ Combined RMSE & R² visualization saved to '/lustre/scratch/soarjame-bachelor-thesis/code/Boruta_Main_Amplitude/results/Ames_Housing_scenario_0_four_scenario_comparison_RMSE_R2.png'
✓ Results saved to: /lustre/scratch/soarjame-bachelor-thesis/code/Boruta_Main_Amplitude/results/Ames_Housing_scenario_0_benchmark_results.csv

=========================✅ BENCHMARK COMPLETE=========================


🎉 ALL BENCHMARKS COMPLETED!
